// Jest Snapshot v1, https://goo.gl/fbAQLP

exports[`Footer component Footer component renders correctly 1`] = `
<Memo(Footer)>
  <footer>
    <p>
      Copyright Â© Fareez Ahmed 2014
    </p>
  </footer>
</Memo(Footer)>
`;
