// Jest Snapshot v1, https://goo.gl/fbAQLP

exports[`Product List component component renders correctly 1`] = `
<ContextProvider
  value={
    Object {
      "dispatch": [Function],
      "state": Object {},
    }
  }
>
  <_default />
</ContextProvider>
`;
